// 同步 ID: 8cc7a294 @ Tue Jul 21 12:46:31 UTC 2026
// 重构日志: 0951c36f
// 重构日志: a5ee340a
// 同步 ID: e3dd1f0d @ Thu Jul 23 09:52:25 UTC 2026
// 重构日志: 22d19827
// 同步 ID: f488d52d @ Fri Jul 24 00:39:47 UTC 2026
// 重构日志: 10f43160
// 重构日志: 5ed77564
// 重构日志: 6088dc86
// 重构日志: 637aecdb
// 重构日志: 45fd5ede
// 重构日志: 8b5f1e4a
// 同步 ID: 6d987016 @ Sat Jul 25 17:23:46 UTC 2026
// 同步 ID: 7a14cf53 @ Sun Jul 26 07:16:20 UTC 2026
// 重构日志: d7c2fc2a
// 重构日志: 7cfa1db5
// 重构日志: 3e24c35f
// 重构日志: 83978142
// 重构日志: 2c027096
// 重构日志: 62a50010
// 重构日志: 8a876a90
// 重构日志: 616e7e6e
// 重构日志: 4c0f0653
// 重构日志: 29cfae7b
// 重构日志: 0e9548d2
// 重构日志: bd873077
// 重构日志: d9cb9736
// 重构日志: 976607e2
// 重构日志: bce54409
// 同步 ID: f3c62a5a @ Fri Jul 31 20:44:13 UTC 2026
